["models/gemini-2.5-flash", "models/gemini-2.5-pro", "models/gemini-2.0-flash", "models/gemini-2.0-flash-001", "models/gemini-2.0-flash-lite-001", "models/gemini-2.0-flash-lite", "models/gemini-2.5-flash-preview-tts", "models/gemini-2.5-pro-preview-tts", "models/gemma-3-1b-it", "models/gemma-3-4b-it", "models/gemma-3-12b-it", "models/gemma-3-27b-it", "models/gemma-3n-e4b-it", "models/gemma-3n-e2b-it", "models/gemma-4-26b-a4b-it", "models/gemma-4-31b-it", "models/gemini-flash-latest", "models/gemini-flash-lite-latest", "models/gemini-pro-latest", "models/gemini-2.5-flash-lite", "models/gemini-2.5-flash-image", "models/gemini-3-pro-preview", "models/gemini-3-flash-preview", "models/gemini-3.1-pro-preview", "models/gemini-3.1-pro-preview-customtools", "models/gemini-3.1-flash-lite-preview", "models/gemini-3-pro-image-preview", "models/nano-banana-pro-preview", "models/gemini-3.1-flash-image-preview", "models/lyria-3-clip-preview", "models/lyria-3-pro-preview", "models/gemini-3.1-flash-tts-preview", "models/gemini-robotics-er-1.5-preview", "models/gemini-robotics-er-1.6-preview", "models/gemini-2.5-computer-use-preview-10-2025", "models/deep-research-pro-preview-12-2025"]